
BUILD FAILED
E:\IntelliJ Projects\TMCProjects\mooc-2013-OOProgrammingWithJava-PART2\week7-week7_07.Dictionary\nbproject\build-impl.xml:926: The following error occurred while executing this line:
E:\IntelliJ Projects\TMCProjects\mooc-2013-OOProgrammingWithJava-PART2\week7-week7_07.Dictionary\nbproject\build-impl.xml:268: Error running javac.exe compiler

Total time: 0 seconds
